src/components/ThemeToggle.tsx(3,24): error TS2307: Cannot find module '@/components/ui/Button' or its corresponding type declarations.
src/lib/exportUtils.ts(296,3): error TS2578: Unused '@ts-expect-error' directive.
src/lib/exportUtils.ts(301,3): error TS2578: Unused '@ts-expect-error' directive.
